  Ball.cpp
C:\Sae\Tri2\POO2\Pachinco5\Pachinco\Ball.cpp(5,9): warning C4005: 'RADIOY': redefinición de macro
      C:\Sae\Tri2\POO2\Pachinco5\Pachinco\Circulo.h(4,9):
      vea la definición anterior de “RADIOY”
  
C:\Sae\Tri2\POO2\Pachinco5\Pachinco\Ball.cpp(31,13): warning C4244: 'inicializando': conversión de 'int' a 'float'; posible pérdida de datos
C:\Sae\Tri2\POO2\Pachinco5\Pachinco\Ball.cpp(32,13): warning C4244: 'inicializando': conversión de 'int' a 'float'; posible pérdida de datos
  Circulo.cpp
C:\Sae\Tri2\POO2\Pachinco5\Pachinco\Circulo.cpp(18,13): warning C4244: 'inicializando': conversión de 'int' a 'float'; posible pérdida de datos
C:\Sae\Tri2\POO2\Pachinco5\Pachinco\Circulo.cpp(19,13): warning C4244: 'inicializando': conversión de 'int' a 'float'; posible pérdida de datos
  FinishLine.cpp
  fondo.cpp
C:\Sae\Tri2\POO2\Pachinco5\Pachinco\fondo.cpp(9,13): warning C4244: 'inicializando': conversión de 'int' a 'float'; posible pérdida de datos
C:\Sae\Tri2\POO2\Pachinco5\Pachinco\fondo.cpp(10,13): warning C4244: 'inicializando': conversión de 'int' a 'float'; posible pérdida de datos
C:\Sae\Tri2\POO2\Pachinco5\Pachinco\fondo.cpp(11,27): warning C4244: 'argumento': conversión de 'float' a 'int'; posible pérdida de datos
C:\Sae\Tri2\POO2\Pachinco5\Pachinco\fondo.cpp(11,23): warning C4244: 'argumento': conversión de 'float' a 'int'; posible pérdida de datos
  GameTimer.cpp
  Pachinco.cpp
  Paredes.cpp
  Pin.cpp
C:\Sae\Tri2\POO2\Pachinco5\Pachinco\Pin.cpp(20,13): warning C4244: 'inicializando': conversión de 'int' a 'float'; posible pérdida de datos
C:\Sae\Tri2\POO2\Pachinco5\Pachinco\Pin.cpp(21,13): warning C4244: 'inicializando': conversión de 'int' a 'float'; posible pérdida de datos
  PinCreator.cpp
  Generando código...
  Pachinco.vcxproj -> C:\Sae\Tri2\POO2\Pachinco5\Pachinco\x64\Debug\Pachinco.exe
